<?xml version="1.0" encoding="UTF-8"?>
<testsuites name="Mocha Tests" time="0.203" tests="1" failures="0">
  <testsuite name="Root Suite" timestamp="2026-04-23T07:07:51" tests="0" time="0.000" failures="0">
  </testsuite>
  <testsuite name="getPosts" timestamp="2026-04-23T07:07:51" tests="1" file="/home/kirapash-joel/lab-await/test/indexTest.js" time="0.201" failures="0">
    <testcase name="getPosts should return an array of posts" time="0.199" classname="should return an array of posts">
    </testcase>
  </testsuite>
</testsuites>